mode: set
github.com/nmontes/barcvvr-go/db.go:12.43,17.16 2 0
github.com/nmontes/barcvvr-go/db.go:17.16,19.3 1 0
github.com/nmontes/barcvvr-go/db.go:20.2,21.16 2 0
github.com/nmontes/barcvvr-go/main.go:17.64,21.16 3 0
github.com/nmontes/barcvvr-go/main.go:21.16,22.21 1 0
github.com/nmontes/barcvvr-go/main.go:26.2,27.16 2 0
github.com/nmontes/barcvvr-go/main.go:27.16,28.21 1 0
github.com/nmontes/barcvvr-go/main.go:31.2,31.35 1 0
github.com/nmontes/barcvvr-go/main.go:31.35,43.3 5 0
github.com/nmontes/barcvvr-go/main.go:44.2,44.10 1 0
github.com/nmontes/barcvvr-go/main.go:47.13,53.55 3 0
github.com/nmontes/barcvvr-go/main.go:53.55,55.3 1 0
github.com/nmontes/barcvvr-go/main.go:57.2,58.16 2 0
github.com/nmontes/barcvvr-go/main.go:58.16,60.3 1 0
github.com/nmontes/barcvvr-go/main.go:61.2,80.34 10 0
github.com/nmontes/barcvvr-go/main.go:80.34,82.3 1 0
github.com/nmontes/barcvvr-go/main.go:85.2,131.16 36 0
github.com/nmontes/barcvvr-go/main.go:131.16,133.3 1 0
github.com/nmontes/barcvvr-go/main.go:134.2,134.26 1 0
github.com/nmontes/barcvvr-go/handlers/beerflows.go:16.57,18.2 1 1
github.com/nmontes/barcvvr-go/handlers/beerflows.go:21.50,28.2 3 1
github.com/nmontes/barcvvr-go/handlers/beerflows.go:31.49,33.67 2 0
github.com/nmontes/barcvvr-go/handlers/beerflows.go:33.67,36.3 2 0
github.com/nmontes/barcvvr-go/handlers/beerflows.go:37.2,39.4 1 0
github.com/nmontes/barcvvr-go/handlers/beerflows.go:43.48,47.2 1 0
github.com/nmontes/barcvvr-go/handlers/beerflows.go:50.49,52.67 2 0
github.com/nmontes/barcvvr-go/handlers/beerflows.go:52.67,55.3 2 0
github.com/nmontes/barcvvr-go/handlers/beerflows.go:56.2,58.4 1 0
github.com/nmontes/barcvvr-go/handlers/beerflows.go:62.51,67.43 2 1
github.com/nmontes/barcvvr-go/handlers/beerflows.go:67.43,68.53 1 0
github.com/nmontes/barcvvr-go/handlers/beerflows.go:68.53,71.4 2 0
github.com/nmontes/barcvvr-go/handlers/beerflows.go:72.8,77.3 4 1
github.com/nmontes/barcvvr-go/handlers/beerflows.go:79.2,79.53 1 1
github.com/nmontes/barcvvr-go/handlers/beerflows.go:79.53,84.3 2 0
github.com/nmontes/barcvvr-go/handlers/beerflows.go:87.2,87.73 1 1
github.com/nmontes/barcvvr-go/handlers/beerflows.go:91.51,93.67 2 0
github.com/nmontes/barcvvr-go/handlers/beerflows.go:93.67,96.3 2 0
github.com/nmontes/barcvvr-go/handlers/beerflows.go:98.2,101.22 3 0
github.com/nmontes/barcvvr-go/handlers/beerflows.go:101.22,103.3 1 0
github.com/nmontes/barcvvr-go/handlers/beerflows.go:103.8,105.3 1 0
github.com/nmontes/barcvvr-go/handlers/beerflows.go:107.2,107.51 1 0
github.com/nmontes/barcvvr-go/handlers/beerflows.go:107.51,112.3 2 0
github.com/nmontes/barcvvr-go/handlers/beerflows.go:115.2,115.33 1 0
github.com/nmontes/barcvvr-go/handlers/beerflows.go:119.52,121.67 2 0
github.com/nmontes/barcvvr-go/handlers/beerflows.go:121.67,124.3 2 0
github.com/nmontes/barcvvr-go/handlers/beerflows.go:126.2,127.44 2 0
github.com/nmontes/barcvvr-go/handlers/drinks.go:17.51,19.2 1 1
github.com/nmontes/barcvvr-go/handlers/drinks.go:22.47,24.49 2 1
github.com/nmontes/barcvvr-go/handlers/drinks.go:24.49,27.3 2 0
github.com/nmontes/barcvvr-go/handlers/drinks.go:28.2,30.4 1 1
github.com/nmontes/barcvvr-go/handlers/drinks.go:34.46,36.64 2 0
github.com/nmontes/barcvvr-go/handlers/drinks.go:36.64,39.3 2 0
github.com/nmontes/barcvvr-go/handlers/drinks.go:40.2,42.4 1 0
github.com/nmontes/barcvvr-go/handlers/drinks.go:46.45,50.2 1 0
github.com/nmontes/barcvvr-go/handlers/drinks.go:53.46,55.64 2 0
github.com/nmontes/barcvvr-go/handlers/drinks.go:55.64,58.3 2 0
github.com/nmontes/barcvvr-go/handlers/drinks.go:59.2,61.4 1 0
github.com/nmontes/barcvvr-go/handlers/drinks.go:65.48,67.50 2 1
github.com/nmontes/barcvvr-go/handlers/drinks.go:67.50,70.3 2 0
github.com/nmontes/barcvvr-go/handlers/drinks.go:72.2,80.50 3 1
github.com/nmontes/barcvvr-go/handlers/drinks.go:80.50,86.3 2 0
github.com/nmontes/barcvvr-go/handlers/drinks.go:89.2,89.41 1 1
github.com/nmontes/barcvvr-go/handlers/drinks.go:93.48,95.50 2 0
github.com/nmontes/barcvvr-go/handlers/drinks.go:95.50,98.3 2 0
github.com/nmontes/barcvvr-go/handlers/drinks.go:100.2,101.64 2 0
github.com/nmontes/barcvvr-go/handlers/drinks.go:101.64,104.3 2 0
github.com/nmontes/barcvvr-go/handlers/drinks.go:107.2,107.40 1 0
github.com/nmontes/barcvvr-go/handlers/drinks.go:107.40,111.3 3 0
github.com/nmontes/barcvvr-go/handlers/drinks.go:113.2,117.48 4 0
github.com/nmontes/barcvvr-go/handlers/drinks.go:117.48,123.3 2 0
github.com/nmontes/barcvvr-go/handlers/drinks.go:125.2,125.41 1 0
github.com/nmontes/barcvvr-go/handlers/drinks.go:129.49,131.50 2 0
github.com/nmontes/barcvvr-go/handlers/drinks.go:131.50,134.3 2 0
github.com/nmontes/barcvvr-go/handlers/drinks.go:136.2,137.64 2 0
github.com/nmontes/barcvvr-go/handlers/drinks.go:137.64,140.3 2 0
github.com/nmontes/barcvvr-go/handlers/drinks.go:142.2,143.41 2 0
github.com/nmontes/barcvvr-go/handlers/kegs.go:18.47,20.2 1 1
github.com/nmontes/barcvvr-go/handlers/kegs.go:23.45,29.27 4 1
github.com/nmontes/barcvvr-go/handlers/kegs.go:29.27,34.28 4 1
github.com/nmontes/barcvvr-go/handlers/kegs.go:34.28,36.4 1 0
github.com/nmontes/barcvvr-go/handlers/kegs.go:37.3,39.33 2 1
github.com/nmontes/barcvvr-go/handlers/kegs.go:39.33,41.4 1 0
github.com/nmontes/barcvvr-go/handlers/kegs.go:42.3,42.24 1 1
github.com/nmontes/barcvvr-go/handlers/kegs.go:45.2,48.4 1 1
github.com/nmontes/barcvvr-go/handlers/kegs.go:52.44,54.62 2 0
github.com/nmontes/barcvvr-go/handlers/kegs.go:54.62,57.3 2 0
github.com/nmontes/barcvvr-go/handlers/kegs.go:59.2,64.27 5 0
github.com/nmontes/barcvvr-go/handlers/kegs.go:64.27,66.3 1 0
github.com/nmontes/barcvvr-go/handlers/kegs.go:67.2,69.32 2 0
github.com/nmontes/barcvvr-go/handlers/kegs.go:69.32,72.3 2 0
github.com/nmontes/barcvvr-go/handlers/kegs.go:74.2,78.4 1 0
github.com/nmontes/barcvvr-go/handlers/kegs.go:82.43,90.2 3 0
github.com/nmontes/barcvvr-go/handlers/kegs.go:93.45,95.62 2 0
github.com/nmontes/barcvvr-go/handlers/kegs.go:95.62,98.3 2 0
github.com/nmontes/barcvvr-go/handlers/kegs.go:100.2,115.40 5 0
github.com/nmontes/barcvvr-go/handlers/kegs.go:119.44,121.62 2 0
github.com/nmontes/barcvvr-go/handlers/kegs.go:121.62,124.3 2 0
github.com/nmontes/barcvvr-go/handlers/kegs.go:125.2,127.4 1 0
github.com/nmontes/barcvvr-go/handlers/kegs.go:131.46,133.50 2 1
github.com/nmontes/barcvvr-go/handlers/kegs.go:133.50,136.3 2 0
github.com/nmontes/barcvvr-go/handlers/kegs.go:138.2,143.60 3 1
github.com/nmontes/barcvvr-go/handlers/kegs.go:143.60,144.56 1 0
github.com/nmontes/barcvvr-go/handlers/kegs.go:144.56,146.4 1 0
github.com/nmontes/barcvvr-go/handlers/kegs.go:148.2,148.58 1 1
github.com/nmontes/barcvvr-go/handlers/kegs.go:148.58,149.56 1 0
github.com/nmontes/barcvvr-go/handlers/kegs.go:149.56,151.4 1 0
github.com/nmontes/barcvvr-go/handlers/kegs.go:154.2,158.48 4 1
github.com/nmontes/barcvvr-go/handlers/kegs.go:158.48,163.3 2 0
github.com/nmontes/barcvvr-go/handlers/kegs.go:165.2,165.39 1 1
github.com/nmontes/barcvvr-go/handlers/kegs.go:169.46,171.50 2 0
github.com/nmontes/barcvvr-go/handlers/kegs.go:171.50,174.3 2 0
github.com/nmontes/barcvvr-go/handlers/kegs.go:176.2,177.62 2 0
github.com/nmontes/barcvvr-go/handlers/kegs.go:177.62,180.3 2 0
github.com/nmontes/barcvvr-go/handlers/kegs.go:182.2,182.39 1 0
github.com/nmontes/barcvvr-go/handlers/kegs.go:182.39,186.3 3 0
github.com/nmontes/barcvvr-go/handlers/kegs.go:188.2,191.60 3 0
github.com/nmontes/barcvvr-go/handlers/kegs.go:191.60,192.56 1 0
github.com/nmontes/barcvvr-go/handlers/kegs.go:192.56,194.4 1 0
github.com/nmontes/barcvvr-go/handlers/kegs.go:196.2,196.58 1 0
github.com/nmontes/barcvvr-go/handlers/kegs.go:196.58,197.56 1 0
github.com/nmontes/barcvvr-go/handlers/kegs.go:197.56,199.4 1 0
github.com/nmontes/barcvvr-go/handlers/kegs.go:202.2,206.46 4 0
github.com/nmontes/barcvvr-go/handlers/kegs.go:206.46,211.3 2 0
github.com/nmontes/barcvvr-go/handlers/kegs.go:213.2,213.39 1 0
github.com/nmontes/barcvvr-go/handlers/kegs.go:217.47,219.50 2 0
github.com/nmontes/barcvvr-go/handlers/kegs.go:219.50,222.3 2 0
github.com/nmontes/barcvvr-go/handlers/kegs.go:224.2,225.62 2 0
github.com/nmontes/barcvvr-go/handlers/kegs.go:225.62,228.3 2 0
github.com/nmontes/barcvvr-go/handlers/kegs.go:230.2,231.39 2 0
github.com/nmontes/barcvvr-go/handlers/operations.go:18.59,20.2 1 1
github.com/nmontes/barcvvr-go/handlers/operations.go:23.51,30.32 4 1
github.com/nmontes/barcvvr-go/handlers/operations.go:30.32,32.22 2 1
github.com/nmontes/barcvvr-go/handlers/operations.go:32.22,36.4 3 0
github.com/nmontes/barcvvr-go/handlers/operations.go:37.3,46.5 3 1
github.com/nmontes/barcvvr-go/handlers/operations.go:49.2,51.4 1 1
github.com/nmontes/barcvvr-go/handlers/operations.go:55.50,57.68 2 0
github.com/nmontes/barcvvr-go/handlers/operations.go:57.68,60.3 2 0
github.com/nmontes/barcvvr-go/handlers/operations.go:61.2,63.4 1 0
github.com/nmontes/barcvvr-go/handlers/operations.go:67.49,73.27 5 0
github.com/nmontes/barcvvr-go/handlers/operations.go:73.27,80.3 3 0
github.com/nmontes/barcvvr-go/handlers/operations.go:82.2,86.4 1 0
github.com/nmontes/barcvvr-go/handlers/operations.go:90.49,105.2 6 0
github.com/nmontes/barcvvr-go/handlers/operations.go:108.54,122.2 6 0
github.com/nmontes/barcvvr-go/handlers/operations.go:125.50,127.68 2 0
github.com/nmontes/barcvvr-go/handlers/operations.go:127.68,130.3 2 0
github.com/nmontes/barcvvr-go/handlers/operations.go:132.2,138.4 3 0
github.com/nmontes/barcvvr-go/handlers/operations.go:141.64,143.56 2 1
github.com/nmontes/barcvvr-go/handlers/operations.go:143.56,145.3 1 0
github.com/nmontes/barcvvr-go/handlers/operations.go:147.2,151.32 4 1
github.com/nmontes/barcvvr-go/handlers/operations.go:151.32,153.3 1 1
github.com/nmontes/barcvvr-go/handlers/operations.go:155.2,156.18 2 1
github.com/nmontes/barcvvr-go/handlers/operations.go:160.52,163.28 2 1
github.com/nmontes/barcvvr-go/handlers/operations.go:163.28,182.62 9 0
github.com/nmontes/barcvvr-go/handlers/operations.go:182.62,183.57 1 0
github.com/nmontes/barcvvr-go/handlers/operations.go:183.57,185.5 1 0
github.com/nmontes/barcvvr-go/handlers/operations.go:188.3,202.9 7 0
github.com/nmontes/barcvvr-go/handlers/operations.go:204.8,210.62 4 1
github.com/nmontes/barcvvr-go/handlers/operations.go:210.62,211.57 1 1
github.com/nmontes/barcvvr-go/handlers/operations.go:211.57,213.5 1 1
github.com/nmontes/barcvvr-go/handlers/operations.go:214.9,216.4 1 0
github.com/nmontes/barcvvr-go/handlers/operations.go:218.3,220.62 2 1
github.com/nmontes/barcvvr-go/handlers/operations.go:220.62,226.4 5 0
github.com/nmontes/barcvvr-go/handlers/operations.go:226.9,228.4 1 1
github.com/nmontes/barcvvr-go/handlers/operations.go:230.3,230.48 1 1
github.com/nmontes/barcvvr-go/handlers/operations.go:230.48,235.4 2 0
github.com/nmontes/barcvvr-go/handlers/operations.go:237.3,239.41 2 1
github.com/nmontes/barcvvr-go/handlers/operations.go:244.52,246.50 2 0
github.com/nmontes/barcvvr-go/handlers/operations.go:246.50,249.3 2 0
github.com/nmontes/barcvvr-go/handlers/operations.go:251.2,252.61 2 0
github.com/nmontes/barcvvr-go/handlers/operations.go:252.61,255.3 2 0
github.com/nmontes/barcvvr-go/handlers/operations.go:257.2,259.39 2 0
github.com/nmontes/barcvvr-go/handlers/operations.go:259.39,264.3 4 0
github.com/nmontes/barcvvr-go/handlers/operations.go:266.2,267.61 2 0
github.com/nmontes/barcvvr-go/handlers/operations.go:267.61,268.56 1 0
github.com/nmontes/barcvvr-go/handlers/operations.go:268.56,270.4 1 0
github.com/nmontes/barcvvr-go/handlers/operations.go:272.2,277.45 5 0
github.com/nmontes/barcvvr-go/handlers/operations.go:277.45,282.3 2 0
github.com/nmontes/barcvvr-go/handlers/operations.go:285.2,286.25 2 0
github.com/nmontes/barcvvr-go/handlers/operations.go:286.25,288.3 1 0
github.com/nmontes/barcvvr-go/handlers/operations.go:290.2,290.45 1 0
github.com/nmontes/barcvvr-go/handlers/operations.go:294.53,296.50 2 0
github.com/nmontes/barcvvr-go/handlers/operations.go:296.50,299.3 2 0
github.com/nmontes/barcvvr-go/handlers/operations.go:301.2,302.61 2 0
github.com/nmontes/barcvvr-go/handlers/operations.go:302.61,305.3 2 0
github.com/nmontes/barcvvr-go/handlers/operations.go:307.2,311.45 4 0
github.com/nmontes/barcvvr-go/handlers/users.go:19.49,21.2 1 1
github.com/nmontes/barcvvr-go/handlers/users.go:24.46,36.29 8 1
github.com/nmontes/barcvvr-go/handlers/users.go:36.29,43.33 5 1
github.com/nmontes/barcvvr-go/handlers/users.go:43.33,44.18 1 1
github.com/nmontes/barcvvr-go/handlers/users.go:44.18,46.5 1 1
github.com/nmontes/barcvvr-go/handlers/users.go:48.3,48.49 1 1
github.com/nmontes/barcvvr-go/handlers/users.go:52.2,59.29 3 1
github.com/nmontes/barcvvr-go/handlers/users.go:59.29,61.25 2 1
github.com/nmontes/barcvvr-go/handlers/users.go:61.25,64.4 2 0
github.com/nmontes/barcvvr-go/handlers/users.go:64.9,64.53 1 1
github.com/nmontes/barcvvr-go/handlers/users.go:64.53,66.4 1 0
github.com/nmontes/barcvvr-go/handlers/users.go:66.9,66.53 1 1
github.com/nmontes/barcvvr-go/handlers/users.go:66.53,68.4 1 0
github.com/nmontes/barcvvr-go/handlers/users.go:68.9,68.53 1 1
github.com/nmontes/barcvvr-go/handlers/users.go:68.53,70.4 1 0
github.com/nmontes/barcvvr-go/handlers/users.go:70.9,70.53 1 1
github.com/nmontes/barcvvr-go/handlers/users.go:70.53,72.4 1 0
github.com/nmontes/barcvvr-go/handlers/users.go:72.9,72.51 1 1
github.com/nmontes/barcvvr-go/handlers/users.go:72.51,74.4 1 1
github.com/nmontes/barcvvr-go/handlers/users.go:74.9,74.31 1 1
github.com/nmontes/barcvvr-go/handlers/users.go:74.31,76.4 1 0
github.com/nmontes/barcvvr-go/handlers/users.go:77.3,77.38 1 1
github.com/nmontes/barcvvr-go/handlers/users.go:81.2,86.39 3 1
github.com/nmontes/barcvvr-go/handlers/users.go:86.39,88.3 1 1
github.com/nmontes/barcvvr-go/handlers/users.go:89.2,89.44 1 1
github.com/nmontes/barcvvr-go/handlers/users.go:89.44,91.3 1 1
github.com/nmontes/barcvvr-go/handlers/users.go:102.2,103.31 2 1
github.com/nmontes/barcvvr-go/handlers/users.go:103.31,104.34 1 1
github.com/nmontes/barcvvr-go/handlers/users.go:104.34,105.30 1 1
github.com/nmontes/barcvvr-go/handlers/users.go:105.30,107.10 2 1
github.com/nmontes/barcvvr-go/handlers/users.go:113.2,120.27 3 1
github.com/nmontes/barcvvr-go/handlers/users.go:120.27,124.33 4 0
github.com/nmontes/barcvvr-go/handlers/users.go:124.33,125.27 1 0
github.com/nmontes/barcvvr-go/handlers/users.go:125.27,127.5 1 0
github.com/nmontes/barcvvr-go/handlers/users.go:130.3,134.40 4 0
github.com/nmontes/barcvvr-go/handlers/users.go:134.40,136.4 1 0
github.com/nmontes/barcvvr-go/handlers/users.go:136.9,136.38 1 0
github.com/nmontes/barcvvr-go/handlers/users.go:136.38,138.4 1 0
github.com/nmontes/barcvvr-go/handlers/users.go:138.9,138.60 1 0
github.com/nmontes/barcvvr-go/handlers/users.go:138.60,140.4 1 0
github.com/nmontes/barcvvr-go/handlers/users.go:142.3,143.39 2 0
github.com/nmontes/barcvvr-go/handlers/users.go:143.39,145.4 1 0
github.com/nmontes/barcvvr-go/handlers/users.go:147.3,152.5 1 0
github.com/nmontes/barcvvr-go/handlers/users.go:155.2,159.4 1 1
github.com/nmontes/barcvvr-go/handlers/users.go:163.45,165.63 2 0
github.com/nmontes/barcvvr-go/handlers/users.go:165.63,168.3 2 0
github.com/nmontes/barcvvr-go/handlers/users.go:170.2,176.4 3 0
github.com/nmontes/barcvvr-go/handlers/users.go:180.45,188.2 1 0
github.com/nmontes/barcvvr-go/handlers/users.go:191.44,195.2 1 0
github.com/nmontes/barcvvr-go/handlers/users.go:198.45,200.63 2 0
github.com/nmontes/barcvvr-go/handlers/users.go:200.63,203.3 2 0
github.com/nmontes/barcvvr-go/handlers/users.go:204.2,206.4 1 0
github.com/nmontes/barcvvr-go/handlers/users.go:210.47,222.49 4 1
github.com/nmontes/barcvvr-go/handlers/users.go:222.49,228.3 2 0
github.com/nmontes/barcvvr-go/handlers/users.go:231.2,231.40 1 1
github.com/nmontes/barcvvr-go/handlers/users.go:235.47,237.50 2 0
github.com/nmontes/barcvvr-go/handlers/users.go:237.50,240.3 2 0
github.com/nmontes/barcvvr-go/handlers/users.go:242.2,243.63 2 0
github.com/nmontes/barcvvr-go/handlers/users.go:243.63,246.3 2 0
github.com/nmontes/barcvvr-go/handlers/users.go:249.2,249.40 1 0
github.com/nmontes/barcvvr-go/handlers/users.go:249.40,254.3 4 0
github.com/nmontes/barcvvr-go/handlers/users.go:256.2,264.47 8 0
github.com/nmontes/barcvvr-go/handlers/users.go:264.47,270.3 2 0
github.com/nmontes/barcvvr-go/handlers/users.go:272.2,272.40 1 0
github.com/nmontes/barcvvr-go/handlers/users.go:276.48,278.50 2 0
github.com/nmontes/barcvvr-go/handlers/users.go:278.50,281.3 2 0
github.com/nmontes/barcvvr-go/handlers/users.go:283.2,284.63 2 0
github.com/nmontes/barcvvr-go/handlers/users.go:284.63,287.3 2 0
github.com/nmontes/barcvvr-go/handlers/users.go:289.2,292.40 3 0
github.com/nmontes/barcvvr-go/models/models.go:15.33,17.2 1 0
github.com/nmontes/barcvvr-go/models/models.go:33.32,35.2 1 0
github.com/nmontes/barcvvr-go/models/models.go:50.31,52.2 1 0
github.com/nmontes/barcvvr-go/models/models.go:67.37,69.2 1 0
github.com/nmontes/barcvvr-go/models/models.go:80.36,82.2 1 0
